// Jest Snapshot v1, https://goo.gl/fbAQLP

exports[`MovieCatalog should create an instance of a MovieCatalog 1`] = `undefined`;
